// Vitest Snapshot v1, https://vitest.dev/guide/snapshot.html

exports[`coverage > matches the recorded support baseline 1`] = `
"# deck coverage — slides (authored/carried), calls
text-box            primitive  slides=1 (1a/0c)  calls=1
autoshape           primitive  slides=1 (1a/0c)  calls=1
preset-geometry     primitive  slides=1 (1a/0c)  calls=8
custgeom            primitive  slides=1 (1a/0c)  calls=1
table               primitive  slides=1 (1a/0c)  calls=1
cell-fill           primitive  slides=1 (1a/0c)  calls=1
cell-diagonal       primitive  slides=1 (1a/0c)  calls=1
picture             primitive  slides=1 (1a/0c)  calls=1
picture-svg         primitive  slides=1 (1a/0c)  calls=1
connector           primitive  slides=1 (1a/0c)  calls=1
gradient            primitive  slides=1 (1a/0c)  calls=1
color-transform     primitive  slides=1 (1a/0c)  calls=2
group               primitive  slides=1 (1a/0c)  calls=1
nested-group        primitive  slides=1 (1a/0c)  calls=1
hyperlink           primitive  slides=2 (2a/0c)  calls=2
line-cap            primitive  slides=1 (1a/0c)  calls=1
bullet              primitive  slides=1 (1a/0c)  calls=2
autofit-shrink      primitive  slides=1 (1a/0c)  calls=3
text-decoration     primitive  slides=1 (1a/0c)  calls=1
paragraph-align     primitive  slides=1 (1a/0c)  calls=1
paragraph-bullet    primitive  slides=1 (1a/0c)  calls=1
paragraph-indent    primitive  slides=1 (1a/0c)  calls=1
master-background   primitive  slides=1 (1a/0c)  calls=1
layout-chrome       primitive  slides=1 (1a/0c)  calls=1
chart               hard       slides=1 (1a/0c)  calls=1
layout-placeholder  hard       slides=1 (1a/0c)  calls=2
notes               hard       slides=1 (1a/0c)  calls=1
rotated-flipped     hard       slides=1 (1a/0c)  calls=2
theme-color         hard       slides=1 (1a/0c)  calls=2

# fidelity notes by disposition × cause (whole corpus)
             unread       unwritable   unsupported  
dropped      30           29           9            
flattened    0            29           12           
approximated 29           0            7            

# constructs named, by deck
text-box            deck.docProps, master.background, master.txStyles, theme.fmtScheme
autoshape           deck.docProps, master.background, master.txStyles, theme.fmtScheme
preset-geometry     deck.docProps, master.background, master.txStyles, theme.fmtScheme
custgeom            deck.docProps, master.background, master.txStyles, shape.custGeom.guides, theme.fmtScheme
table               deck.docProps, master.background, master.txStyles, table.rowAuto, table.style, theme.fmtScheme
cell-fill           deck.docProps, master.background, master.txStyles, table.rowAuto, table.style, theme.fmtScheme
cell-diagonal       deck.docProps, master.background, master.txStyles, table.rowAuto, table.style, theme.fmtScheme
picture             deck.docProps, master.background, master.txStyles, theme.fmtScheme
picture-svg         deck.docProps, image.svg, master.background, master.txStyles, theme.fmtScheme
connector           deck.docProps, master.background, master.txStyles, theme.fmtScheme
gradient            deck.docProps, master.background, master.txStyles, theme.fmtScheme
color-transform     deck.docProps, master.background, master.txStyles, table.rowAuto, table.style, theme.fmtScheme
group               deck.docProps, master.background, master.txStyles, theme.fmtScheme
nested-group        deck.docProps, master.background, master.txStyles, theme.fmtScheme
hyperlink           deck.docProps, master.background, master.txStyles, theme.fmtScheme
line-cap            deck.docProps, master.background, master.txStyles, theme.fmtScheme
bullet              deck.docProps, master.background, master.txStyles, text.bullet.picture, theme.fmtScheme
autofit-shrink      deck.docProps, master.background, master.txStyles, theme.fmtScheme
text-decoration     deck.docProps, master.background, master.txStyles, theme.fmtScheme
paragraph-align     deck.docProps, master.background, master.txStyles, theme.fmtScheme
paragraph-bullet    deck.docProps, master.background, master.placeholders, master.txStyles, shape.placeholder, text.color.inherited, theme.fmtScheme
paragraph-indent    deck.docProps, master.background, master.placeholders, master.txStyles, shape.placeholder, text.color.inherited, theme.fmtScheme
master-background   deck.docProps, master.background, master.placeholders, master.txStyles, shape.placeholder, text.color.inherited, theme.fmtScheme
layout-chrome       deck.docProps, master.background, master.placeholders, master.txStyles, shape.placeholder, text.color.inherited, theme.fmtScheme
chart               chart.workbook, deck.docProps, master.background, master.txStyles, theme.fmtScheme
layout-placeholder  deck.docProps, master.background, master.placeholders, master.txStyles, shape.placeholder, text.color.inherited, theme.fmtScheme
notes               deck.docProps, master.background, master.txStyles, theme.fmtScheme
rotated-flipped     deck.docProps, master.background, master.txStyles, theme.fmtScheme
theme-color         deck.docProps, master.background, master.txStyles, theme.fmtScheme"
`;
